fixuid: fixuid should only ever be used on development systems. DO NOT USE IN PRODUCTION
fixuid: runtime UID '1000' already matches container user 'developer' UID
fixuid: runtime GID '1000' already matches container group 'developer' GID
[libprotobuf ERROR google/protobuf/descriptor_database.cc:120] File already exists in database: gz/msgs/time.proto
[libprotobuf ERROR google/protobuf/descriptor_database.cc:120] File already exists in database: gz/msgs/header.proto
[libprotobuf ERROR google/protobuf/descriptor_database.cc:120] File already exists in database: gz/msgs/vector3d.proto
[libprotobuf ERROR google/protobuf/descriptor_database.cc:120] File already exists in database: gz/msgs/stringmsg.proto
[NAV] goal=(130.46, 96.36, -74.56)
[NAV] threshold=0.001 sMax=20 smoothL=5 gainSteer=0.5 gainPitch=0.5 radiusArrived=5 radiusSlowdown=15 robotRadius=0.2 safetyMargin=0.3 maxFinAngle=0.13 maxIterations=150000
[NAV] goal=(180.22, 52.77, -69.35)
[NAV] threshold=0.001 sMax=20 smoothL=5 gainSteer=0.5 gainPitch=0.5 radiusArrived=5 radiusSlowdown=15 robotRadius=0.2 safetyMargin=0.3 maxFinAngle=0.13 maxIterations=150000
[NAV] goal=(188.9, -59.71, -75.58)
[NAV] threshold=0.001 sMax=20 smoothL=5 gainSteer=0.5 gainPitch=0.5 radiusArrived=5 radiusSlowdown=15 robotRadius=0.2 safetyMargin=0.3 maxFinAngle=0.13 maxIterations=150000
[NAV] goal=(217.53, 91.18, -69.24)
[NAV] threshold=0.001 sMax=20 smoothL=5 gainSteer=0.5 gainPitch=0.5 radiusArrived=5 radiusSlowdown=15 robotRadius=0.2 safetyMargin=0.3 maxFinAngle=0.13 maxIterations=150000
[NAV] goal=(-15.2, -3.72, -78.8)
[NAV] threshold=0.001 sMax=20 smoothL=5 gainSteer=0.5 gainPitch=0.5 radiusArrived=5 radiusSlowdown=15 robotRadius=0.2 safetyMargin=0.3 maxFinAngle=0.13 maxIterations=150000
[1;31m[Err] [Buoyancy.cc:370] [0m[1;31mUnsupported collision geometry[[0m[1;31m6[0m[1;31m][0m
[1;31m[Err] [Buoyancy.cc:370] [0m[1;31mUnsupported collision geometry[[0m[1;31m6[0m[1;31m][0m
amdgpu: os_same_file_description couldn't determine if two DRM fds reference the same file description.
If they do, bad things may happen!
amdgpu: os_same_file_description couldn't determine if two DRM fds reference the same file description.
If they do, bad things may happen!
[1;36mDbg[0m ODE Heightfield AABB: min = {-499.512, -499.512, -98.6872} max = {499.512, 499.512, 1.10914e-13}
[tethys_0]  t=1s dist=191.56m head=-76.00° elev=-0.22° path=0.08m clr=29.34m
[tethys_1]  t=1s dist=128.02m head=-10.00° elev=2.48° path=0.08m clr=28.37m
[tethys_2]  t=1s dist=255.74m head=-89.00° elev=0.16° path=0.08m clr=27.01m
[tethys_3]  t=1s dist=131.68m head=-33.00° elev=0.73° path=0.08m clr=999.00m
[tethys_4]  t=1s dist=151.77m head=114.00° elev=-1.70° path=0.08m clr=28.87m
[tethys_0]  t=2s dist=191.49m head=-76.00° elev=-0.22° path=0.36m clr=29.34m
[tethys_1]  t=2s dist=127.75m head=-10.00° elev=2.45° path=0.36m clr=28.37m
[tethys_2]  t=2s dist=255.74m head=-89.00° elev=0.16° path=0.36m clr=27.01m
[tethys_3]  t=2s dist=131.44m head=-32.00° elev=0.72° path=0.36m clr=999.00m
[tethys_4]  t=2s dist=151.89m head=114.00° elev=-1.70° path=0.36m clr=28.87m
[tethys_0]  t=3s dist=191.38m head=-75.00° elev=-0.22° path=0.83m clr=29.33m
[tethys_1]  t=3s dist=127.29m head=-9.00° elev=2.34° path=0.83m clr=28.34m
[tethys_2]  t=3s dist=255.74m head=-88.00° elev=0.16° path=0.83m clr=27.01m
[tethys_3]  t=3s dist=131.05m head=-32.00° elev=0.69° path=0.83m clr=999.00m
[tethys_4]  t=3s dist=152.08m head=113.00° elev=-1.73° path=0.83m clr=28.87m
[tethys_0]  t=4s dist=191.22m head=-74.00° elev=-0.21° path=1.50m clr=29.31m
[tethys_1]  t=4s dist=126.63m head=-9.00° elev=2.11° path=1.50m clr=28.24m
[tethys_2]  t=4s dist=255.73m head=-87.00° elev=0.16° path=1.50m clr=27.00m
[tethys_3]  t=4s dist=130.49m head=-30.00° elev=0.63° path=1.50m clr=999.00m
[tethys_4]  t=4s dist=152.35m head=112.00° elev=-1.80° path=1.50m clr=28.87m
[tethys_0]  t=5s dist=191.01m head=-72.00° elev=-0.20° path=2.35m clr=29.30m
[tethys_1]  t=5s dist=125.79m head=-7.00° elev=1.80° path=2.35m clr=28.13m
[tethys_2]  t=5s dist=255.70m head=-85.00° elev=0.15° path=2.35m clr=27.00m
[tethys_3]  t=5s dist=129.77m head=-28.00° elev=0.54° path=2.35m clr=999.00m
[tethys_4]  t=5s dist=152.69m head=110.00° elev=-1.89° path=2.35m clr=28.81m
[tethys_0]  t=6s dist=190.74m head=-70.00° elev=-0.19° path=3.34m clr=29.26m
[tethys_1]  t=6s dist=124.81m head=-6.00° elev=1.53° path=3.35m clr=28.03m
[tethys_2]  t=6s dist=255.65m head=-83.00° elev=0.14° path=3.34m clr=27.00m
[tethys_3]  t=6s dist=128.91m head=-26.00° elev=0.46° path=3.34m clr=999.00m
[tethys_4]  t=6s dist=153.06m head=108.00° elev=-1.96° path=3.34m clr=28.60m
[tethys_0]  t=7s dist=190.38m head=-67.00° elev=-0.18° path=4.51m clr=29.26m
[tethys_1]  t=7s dist=123.64m head=-5.00° elev=1.37° path=4.52m clr=28.02m
[tethys_2]  t=7s dist=255.56m head=-80.00° elev=0.14° path=4.51m clr=27.00m
[tethys_3]  t=7s dist=127.88m head=-24.00° elev=0.41° path=4.51m clr=999.00m
[tethys_4]  t=7s dist=153.47m head=106.00° elev=-2.00° path=4.51m clr=28.54m
[tethys_0]  t=8s dist=189.96m head=-65.00° elev=-0.17° path=5.80m clr=29.26m
[tethys_1]  t=8s dist=122.35m head=-4.00° elev=1.31° path=5.82m clr=27.98m
[tethys_2]  t=8s dist=255.41m head=-78.00° elev=0.13° path=5.80m clr=27.00m
[tethys_3]  t=8s dist=126.73m head=-21.00° elev=0.39° path=5.80m clr=999.00m
[tethys_4]  t=8s dist=153.89m head=103.00° elev=-2.01° path=5.80m clr=28.46m
[tethys_0]  t=9s dist=189.44m head=-63.00° elev=-0.16° path=7.20m clr=29.26m
[tethys_1]  t=9s dist=120.95m head=-4.00° elev=1.30° path=7.23m clr=27.92m
[tethys_2]  t=9s dist=255.19m head=-75.00° elev=0.12° path=7.20m clr=26.97m
[tethys_3]  t=9s dist=125.45m head=-19.00° elev=0.38° path=7.20m clr=999.00m
[tethys_4]  t=9s dist=154.29m head=101.00° elev=-1.98° path=7.20m clr=28.34m
[tethys_0]  t=10s dist=188.83m head=-60.00° elev=-0.15° path=8.72m clr=29.26m
[tethys_1]  t=10s dist=119.42m head=-4.00° elev=1.28° path=8.77m clr=27.92m
[tethys_2]  t=10s dist=254.90m head=-73.00° elev=0.12° path=8.72m clr=26.97m
[tethys_3]  t=10s dist=124.04m head=-16.00° elev=0.38° path=8.72m clr=999.00m
[tethys_4]  t=10s dist=154.68m head=99.00° elev=-1.92° path=8.72m clr=28.22m
[tethys_0]  t=11s dist=188.11m head=-58.00° elev=-0.15° path=10.35m clr=29.26m
[tethys_1]  t=11s dist=117.78m head=-3.00° elev=1.27° path=10.42m clr=27.92m
[tethys_2]  t=11s dist=254.51m head=-70.00° elev=0.11° path=10.35m clr=26.97m
[tethys_3]  t=11s dist=122.51m head=-13.00° elev=0.38° path=10.35m clr=999.00m
[tethys_4]  t=11s dist=155.03m head=96.00° elev=-1.84° path=10.35m clr=28.15m
[tethys_0]  t=12s dist=187.30m head=-55.00° elev=-0.14° path=12.06m clr=29.26m
[tethys_1]  t=12s dist=116.05m head=-3.00° elev=1.26° path=12.15m clr=27.92m
[tethys_2]  t=12s dist=254.04m head=-68.00° elev=0.10° path=12.06m clr=26.28m
[tethys_3]  t=12s dist=120.88m head=-11.00° elev=0.37° path=12.06m clr=999.00m
[tethys_4]  t=12s dist=155.33m head=94.00° elev=-1.75° path=12.06m clr=28.09m
[tethys_0]  t=13s dist=186.38m head=-53.00° elev=-0.14° path=13.83m clr=29.26m
[tethys_1]  t=13s dist=114.26m head=-3.00° elev=1.25° path=13.95m clr=27.92m
[tethys_2]  t=13s dist=253.47m head=-65.00° elev=0.10° path=13.83m clr=24.50m
[tethys_3]  t=13s dist=119.16m head=-10.00° elev=0.37° path=13.84m clr=999.00m
[tethys_4]  t=13s dist=155.57m head=92.00° elev=-1.64° path=13.83m clr=27.99m
[tethys_0]  t=14s dist=185.36m head=-50.00° elev=-0.13° path=15.67m clr=29.26m
[tethys_1]  t=14s dist=112.40m head=-3.00° elev=1.25° path=15.82m clr=27.92m
[tethys_2]  t=14s dist=252.79m head=-62.00° elev=0.10° path=15.67m clr=22.71m
[tethys_3]  t=14s dist=117.36m head=-9.00° elev=0.38° path=15.68m clr=999.00m
[tethys_4]  t=14s dist=155.74m head=89.00° elev=-1.54° path=15.66m clr=27.94m
[tethys_0]  t=15s dist=184.25m head=-47.00° elev=-0.13° path=17.54m clr=29.26m
[tethys_1]  t=15s dist=110.50m head=-3.00° elev=1.26° path=17.72m clr=27.92m
[tethys_2]  t=15s dist=252.02m head=-59.00° elev=0.09° path=17.54m clr=20.99m
[tethys_3]  t=15s dist=115.52m head=-8.00° elev=0.38° path=17.56m clr=999.00m
[tethys_4]  t=15s dist=155.83m head=86.00° elev=-1.44° path=17.53m clr=27.90m
[tethys_0]  t=16s dist=183.02m head=-44.00° elev=-0.13° path=19.48m clr=29.26m
[tethys_1]  t=16s dist=108.52m head=-3.00° elev=1.26° path=19.71m clr=27.92m
[tethys_2]  t=16s dist=251.13m head=-56.00° elev=0.09° path=19.48m clr=19.32m
[tethys_3]  t=16s dist=113.59m head=-7.00° elev=0.38° path=19.53m clr=999.00m
[tethys_4]  t=16s dist=155.83m head=84.00° elev=-1.34° path=19.47m clr=27.85m
[tethys_0]  t=17s dist=181.71m head=-41.00° elev=-0.13° path=21.44m clr=29.26m
[tethys_1]  t=17s dist=106.53m head=-2.00° elev=1.27° path=21.71m clr=27.92m
[tethys_2]  t=17s dist=250.15m head=-53.00° elev=0.09° path=21.44m clr=17.61m
[tethys_3]  t=17s dist=111.63m head=-6.00° elev=0.39° path=21.51m clr=999.00m
[tethys_4]  t=17s dist=155.75m head=81.00° elev=-1.25° path=21.43m clr=27.85m
[tethys_0]  t=18s dist=180.29m head=-38.00° elev=-0.13° path=23.44m clr=29.26m
[tethys_1]  t=18s dist=104.48m head=-3.00° elev=1.28° path=23.77m clr=27.92m
[tethys_2]  t=18s dist=249.06m head=-50.00° elev=0.08° path=23.44m clr=15.68m
[tethys_3]  t=18s dist=109.62m head=-6.00° elev=0.40° path=23.55m clr=999.00m
[tethys_4]  t=18s dist=155.58m head=79.00° elev=-1.16° path=23.44m clr=27.85m
[tethys_0]  t=19s dist=178.78m head=-35.00° elev=-0.13° path=25.48m clr=29.26m
[tethys_1]  t=19s dist=102.40m head=-2.00° elev=1.30° path=25.85m clr=27.92m
[tethys_2]  t=19s dist=247.86m head=-47.00° elev=0.08° path=25.48m clr=13.62m
[tethys_3]  t=19s dist=107.56m head=-5.00° elev=0.40° path=25.62m clr=999.00m
[tethys_4]  t=19s dist=155.30m head=76.00° elev=-1.09° path=25.47m clr=27.82m
[tethys_0]  t=20s dist=177.19m head=-32.00° elev=-0.13° path=27.52m clr=29.26m
[tethys_1]  t=20s dist=100.31m head=-2.00° elev=1.31° path=27.94m clr=27.92m
[tethys_2]  t=20s dist=246.57m head=-44.00° elev=0.08° path=27.52m clr=11.68m
[tethys_3]  t=20s dist=105.50m head=-5.00° elev=0.41° path=27.69m clr=999.00m
[tethys_4]  t=20s dist=154.94m head=73.00° elev=-1.01° path=27.51m clr=27.77m
[tethys_0]  t=21s dist=175.52m head=-29.00° elev=-0.13° path=29.58m clr=29.26m
[tethys_1]  t=21s dist=98.19m head=-3.00° elev=1.33° path=30.07m clr=27.92m
[tethys_2]  t=21s dist=245.17m head=-41.00° elev=0.08° path=29.58m clr=9.90m
[tethys_3]  t=21s dist=103.41m head=-4.00° elev=0.42° path=29.81m clr=999.00m
[tethys_4]  t=21s dist=154.47m head=70.00° elev=-0.95° path=29.58m clr=27.71m
[tethys_0]  t=22s dist=173.78m head=-26.00° elev=-0.13° path=31.65m clr=29.26m
[tethys_1]  t=22s dist=96.07m head=-2.00° elev=1.35° path=32.19m clr=27.92m
[tethys_2]  t=22s dist=243.70m head=-38.00° elev=0.08° path=31.65m clr=8.35m
[tethys_3]  t=22s dist=101.31m head=-4.00° elev=0.43° path=31.92m clr=999.00m
[tethys_4]  t=22s dist=153.90m head=68.00° elev=-0.89° path=31.64m clr=27.71m
[tethys_0]  t=23s dist=171.96m head=-23.00° elev=-0.13° path=33.75m clr=29.26m
[tethys_1]  t=23s dist=93.92m head=-2.00° elev=1.36° path=34.35m clr=27.92m
[tethys_2]  t=23s dist=242.12m head=-35.00° elev=0.08° path=33.75m clr=7.05m
[tethys_3]  t=23s dist=99.17m head=-4.00° elev=0.44° path=34.07m clr=999.00m
[tethys_4]  t=23s dist=153.23m head=65.00° elev=-0.84° path=33.74m clr=27.71m
[tethys_0]  t=24s dist=170.08m head=-20.00° elev=-0.13° path=35.85m clr=29.26m
[tethys_1]  t=24s dist=91.77m head=-2.00° elev=1.38° path=36.50m clr=27.92m
[tethys_2]  t=24s dist=240.48m head=-31.00° elev=0.08° path=35.85m clr=5.83m
[tethys_3]  t=24s dist=97.03m head=-4.00° elev=0.45° path=36.22m clr=999.00m
[tethys_4]  t=24s dist=152.47m head=62.00° elev=-0.79° path=35.84m clr=27.70m
[tethys_0]  t=25s dist=168.13m head=-16.00° elev=-0.13° path=37.97m clr=29.26m
[tethys_1]  t=25s dist=89.59m head=-2.00° elev=1.40° path=38.69m clr=27.92m
[tethys_2]  t=25s dist=238.74m head=-28.00° elev=0.08° path=37.97m clr=4.71m
[tethys_3]  t=25s dist=94.86m head=-3.00° elev=0.46° path=38.40m clr=999.00m
[tethys_4]  t=25s dist=151.59m head=59.00° elev=-0.75° path=37.96m clr=27.66m
[tethys_0]  t=26s dist=166.13m head=-13.00° elev=-0.13° path=40.09m clr=29.26m
[tethys_1]  t=26s dist=87.41m head=-2.00° elev=1.42° path=40.88m clr=27.92m
[tethys_2]  t=26s dist=236.93m head=-25.00° elev=0.08° path=40.09m clr=2.68m
[tethys_3]  t=26s dist=92.69m head=-4.00° elev=0.47° path=40.58m clr=999.00m
[tethys_4]  t=26s dist=150.63m head=56.00° elev=-0.72° path=40.08m clr=27.66m
[NAV] COLLISION detected!
[tethys_0]  t=27s dist=164.09m head=-11.00° elev=-0.13° path=42.23m clr=29.26m
[tethys_1]  t=27s dist=85.21m head=-2.00° elev=1.45° path=43.07m clr=27.92m
[NAV] Episode ended: COLLISION;t=26900;dist=235.199;path=42.0198;clr=1.2
[tethys_3]  t=27s dist=90.50m head=-3.00° elev=0.48° path=42.77m clr=999.00m
[tethys_4]  t=27s dist=149.56m head=53.00° elev=-0.69° path=42.22m clr=27.66m
[tethys_0]  t=28s dist=162.02m head=-9.00° elev=-0.13° path=44.36m clr=29.26m
[tethys_1]  t=28s dist=83.03m head=-2.00° elev=1.47° path=45.27m clr=27.92m
[tethys_3]  t=28s dist=88.32m head=-3.00° elev=0.49° path=44.96m clr=999.00m
[tethys_4]  t=28s dist=148.41m head=51.00° elev=-0.66° path=44.34m clr=27.66m
[tethys_0]  t=29s dist=159.90m head=-8.00° elev=-0.14° path=46.53m clr=29.26m
[tethys_1]  t=29s dist=80.81m head=-2.00° elev=1.49° path=47.49m clr=27.92m
[tethys_3]  t=29s dist=86.11m head=-3.00° elev=0.51° path=47.18m clr=999.00m
[tethys_4]  t=29s dist=147.15m head=48.00° elev=-0.64° path=46.50m clr=27.66m
[tethys_0]  t=30s dist=157.79m head=-7.00° elev=-0.14° path=48.68m clr=29.26m
[tethys_1]  t=30s dist=78.62m head=-2.00° elev=1.52° path=49.68m clr=10.50m
[tethys_3]  t=30s dist=83.93m head=-3.00° elev=0.52° path=49.37m clr=999.00m
[tethys_4]  t=30s dist=145.82m head=45.00° elev=-0.62° path=48.62m clr=27.66m
[tethys_0]  t=31s dist=155.66m head=-6.00° elev=-0.14° path=50.84m clr=29.26m
[tethys_1]  t=31s dist=76.42m head=-2.00° elev=1.55° path=51.88m clr=9.23m
[tethys_3]  t=31s dist=81.74m head=-3.00° elev=0.53° path=51.57m clr=999.00m
[tethys_4]  t=31s dist=144.41m head=42.00° elev=-0.61° path=50.76m clr=27.64m
[tethys_0]  t=32s dist=153.52m head=-6.00° elev=-0.14° path=53.01m clr=29.26m
[tethys_1]  t=32s dist=74.22m head=-2.00° elev=1.57° path=54.09m clr=8.72m
[tethys_3]  t=32s dist=79.54m head=-3.00° elev=0.55° path=53.77m clr=999.00m
[tethys_4]  t=32s dist=142.91m head=39.00° elev=-0.60° path=52.89m clr=27.51m
[tethys_0]  t=33s dist=151.36m head=-5.00° elev=-0.14° path=55.20m clr=29.26m
[tethys_1]  t=33s dist=72.01m head=-2.00° elev=1.60° path=56.31m clr=6.57m
[tethys_3]  t=33s dist=77.33m head=-3.00° elev=0.56° path=55.98m clr=999.00m
[tethys_4]  t=33s dist=141.32m head=36.00° elev=-0.59° path=55.04m clr=27.43m
[tethys_0]  t=34s dist=149.16m head=-5.00° elev=-0.15° path=57.42m clr=29.26m
[tethys_1]  t=34s dist=69.77m head=-2.00° elev=1.63° path=58.55m clr=6.28m
[tethys_3]  t=34s dist=75.09m head=-3.00° elev=0.58° path=58.23m clr=999.00m
[tethys_4]  t=34s dist=139.64m head=33.00° elev=-0.58° path=57.22m clr=27.43m
[tethys_0]  t=35s dist=146.97m head=-4.00° elev=-0.15° path=59.62m clr=29.26m
[tethys_1]  t=35s dist=67.55m head=-2.00° elev=1.67° path=60.78m clr=6.28m
[tethys_3]  t=35s dist=72.88m head=-3.00° elev=0.59° path=60.45m clr=999.00m
[tethys_4]  t=35s dist=137.91m head=30.00° elev=-0.57° path=59.37m clr=27.43m
[tethys_0]  t=36s dist=144.77m head=-4.00° elev=-0.15° path=61.83m clr=29.26m
[tethys_1]  t=36s dist=65.32m head=-2.00° elev=1.70° path=63.00m clr=6.28m
[tethys_3]  t=36s dist=70.65m head=-2.00° elev=0.61° path=62.68m clr=999.00m
[tethys_4]  t=36s dist=136.10m head=26.00° elev=-0.57° path=61.53m clr=27.43m
[tethys_0]  t=37s dist=142.61m head=-4.00° elev=-0.16° path=64.00m clr=29.26m
[tethys_1]  t=37s dist=63.14m head=-2.00° elev=1.73° path=65.19m clr=6.28m
[tethys_3]  t=37s dist=68.47m head=-2.00° elev=0.63° path=64.87m clr=999.00m
[tethys_4]  t=37s dist=134.27m head=23.00° elev=-0.57° path=63.65m clr=27.27m
[tethys_0]  t=38s dist=140.39m head=-4.00° elev=-0.16° path=66.23m clr=29.26m
[tethys_1]  t=38s dist=60.90m head=-2.00° elev=1.77° path=67.44m clr=6.28m
[tethys_3]  t=38s dist=66.23m head=-3.00° elev=0.65° path=67.11m clr=999.00m
[tethys_4]  t=38s dist=132.33m head=20.00° elev=-0.57° path=65.82m clr=27.09m
[tethys_0]  t=39s dist=138.19m head=-3.00° elev=-0.16° path=68.44m clr=29.26m
[tethys_1]  t=39s dist=58.68m head=-2.00° elev=1.81° path=69.66m clr=6.28m
[tethys_3]  t=39s dist=64.01m head=-2.00° elev=0.66° path=69.33m clr=999.00m
[tethys_4]  t=39s dist=130.36m head=17.00° elev=-0.58° path=67.97m clr=27.09m
[tethys_0]  t=40s dist=135.99m head=-4.00° elev=-0.17° path=70.65m clr=29.26m
[tethys_1]  t=40s dist=56.47m head=-2.00° elev=1.85° path=71.88m clr=6.28m
[tethys_3]  t=40s dist=61.80m head=-2.00° elev=0.68° path=71.55m clr=999.00m
[tethys_4]  t=40s dist=128.35m head=14.00° elev=-0.59° path=70.12m clr=27.09m
[tethys_0]  t=41s dist=133.77m head=-3.00° elev=-0.17° path=72.88m clr=29.26m
[tethys_1]  t=41s dist=54.23m head=-2.00° elev=1.89° path=74.12m clr=6.28m
[tethys_3]  t=41s dist=59.57m head=-2.00° elev=0.71° path=73.78m clr=999.00m
[tethys_4]  t=41s dist=126.28m head=11.00° elev=-0.59° path=72.29m clr=27.09m
[tethys_0]  t=42s dist=131.57m head=-3.00° elev=-0.17° path=75.08m clr=29.26m
[tethys_1]  t=42s dist=52.03m head=-2.00° elev=1.94° path=76.33m clr=6.28m
[tethys_3]  t=42s dist=57.36m head=-2.00° elev=0.73° path=76.00m clr=999.00m
[tethys_4]  t=42s dist=124.20m head=10.00° elev=-0.61° path=74.44m clr=27.09m
[tethys_0]  t=43s dist=129.36m head=-3.00° elev=-0.18° path=77.30m clr=29.26m
[tethys_1]  t=43s dist=49.81m head=-2.00° elev=1.99° path=78.55m clr=6.28m
[tethys_3]  t=43s dist=55.15m head=-2.00° elev=0.75° path=78.22m clr=999.00m
[tethys_4]  t=43s dist=122.09m head=8.00° elev=-0.62° path=76.60m clr=27.09m
[tethys_0]  t=44s dist=127.11m head=-3.00° elev=-0.18° path=79.56m clr=29.26m
[tethys_1]  t=44s dist=47.55m head=-2.00° elev=2.04° path=80.82m clr=6.28m
[tethys_3]  t=44s dist=52.89m head=-3.00° elev=0.78° path=80.48m clr=999.00m
[tethys_4]  t=44s dist=119.92m head=7.00° elev=-0.64° path=78.81m clr=27.09m
[tethys_0]  t=45s dist=124.92m head=-3.00° elev=-0.18° path=81.75m clr=29.26m
[tethys_1]  t=45s dist=45.35m head=-1.00° elev=2.10° path=83.02m clr=6.28m
[tethys_3]  t=45s dist=50.69m head=-2.00° elev=0.81° path=82.68m clr=999.00m
[tethys_4]  t=45s dist=117.80m head=7.00° elev=-0.65° path=80.97m clr=27.09m
[tethys_0]  t=46s dist=122.70m head=-3.00° elev=-0.19° path=83.98m clr=29.26m
[tethys_1]  t=46s dist=43.13m head=-2.00° elev=2.16° path=85.24m clr=6.28m
[tethys_3]  t=46s dist=48.47m head=-2.00° elev=0.83° path=84.91m clr=999.00m
[tethys_4]  t=46s dist=115.64m head=6.00° elev=-0.67° path=83.16m clr=27.09m
[tethys_0]  t=47s dist=120.48m head=-2.00° elev=-0.19° path=86.20m clr=29.26m
[tethys_1]  t=47s dist=40.91m head=-2.00° elev=2.23° path=87.47m clr=6.28m
[tethys_3]  t=47s dist=46.25m head=-2.00° elev=0.87° path=87.13m clr=999.00m
[tethys_4]  t=47s dist=113.47m head=5.00° elev=-0.68° path=85.35m clr=27.09m
[tethys_0]  t=48s dist=118.26m head=-2.00° elev=-0.19° path=88.43m clr=29.26m
[tethys_1]  t=48s dist=38.69m head=-2.00° elev=2.30° path=89.70m clr=6.28m
[tethys_3]  t=48s dist=44.03m head=-2.00° elev=0.90° path=89.36m clr=999.00m
[tethys_4]  t=48s dist=111.29m head=5.00° elev=-0.70° path=87.55m clr=27.09m
[tethys_0]  t=49s dist=116.03m head=-2.00° elev=-0.20° path=90.67m clr=29.26m
[tethys_1]  t=49s dist=36.46m head=-1.00° elev=2.38° path=91.94m clr=6.28m
[tethys_3]  t=49s dist=41.79m head=-2.00° elev=0.94° path=91.60m clr=999.00m
[tethys_4]  t=49s dist=109.09m head=5.00° elev=-0.71° path=89.77m clr=27.09m
[tethys_0]  t=50s dist=113.80m head=-3.00° elev=-0.20° path=92.90m clr=29.26m
[tethys_1]  t=50s dist=34.23m head=-2.00° elev=2.47° path=94.17m clr=6.28m
[tethys_3]  t=50s dist=39.56m head=-2.00° elev=0.98° path=93.83m clr=999.00m
[tethys_4]  t=50s dist=106.90m head=4.00° elev=-0.73° path=91.98m clr=27.09m
[tethys_0]  t=51s dist=111.59m head=-2.00° elev=-0.21° path=95.12m clr=29.26m
[tethys_1]  t=51s dist=32.01m head=-2.00° elev=2.57° path=96.39m clr=6.28m
[tethys_3]  t=51s dist=37.35m head=-2.00° elev=1.02° path=96.05m clr=999.00m
[tethys_4]  t=51s dist=104.70m head=4.00° elev=-0.75° path=94.18m clr=25.96m
[tethys_0]  t=52s dist=109.35m head=-2.00° elev=-0.21° path=97.36m clr=29.26m
[tethys_1]  t=52s dist=29.78m head=-2.00° elev=2.68° path=98.63m clr=6.28m
[tethys_3]  t=52s dist=35.11m head=-2.00° elev=1.07° path=98.30m clr=999.00m
[tethys_4]  t=52s dist=102.49m head=4.00° elev=-0.76° path=96.41m clr=24.14m
[tethys_0]  t=53s dist=107.14m head=-2.00° elev=-0.22° path=99.57m clr=29.26m
[tethys_1]  t=53s dist=27.58m head=-2.00° elev=2.80° path=100.84m clr=6.28m
[tethys_3]  t=53s dist=32.91m head=-2.00° elev=1.12° path=100.51m clr=999.00m
[tethys_4]  t=53s dist=100.30m head=4.00° elev=-0.78° path=98.60m clr=22.31m
[tethys_0]  t=54s dist=104.89m head=-2.00° elev=-0.22° path=101.82m clr=29.26m
[tethys_1]  t=54s dist=25.33m head=-2.00° elev=2.95° path=103.09m clr=6.28m
[tethys_3]  t=54s dist=30.66m head=-2.00° elev=1.18° path=102.76m clr=999.00m
[tethys_4]  t=54s dist=98.07m head=3.00° elev=-0.80° path=100.85m clr=20.33m
[tethys_0]  t=55s dist=102.68m head=-2.00° elev=-0.23° path=104.04m clr=29.26m
[tethys_1]  t=55s dist=23.12m head=-2.00° elev=3.12° path=105.31m clr=6.28m
[tethys_3]  t=55s dist=28.44m head=-2.00° elev=1.25° path=104.98m clr=999.00m
[tethys_4]  t=55s dist=95.87m head=3.00° elev=-0.82° path=103.06m clr=18.29m
[tethys_0]  t=56s dist=100.44m head=-2.00° elev=-0.23° path=106.28m clr=29.26m
[tethys_1]  t=56s dist=20.89m head=-2.00° elev=3.32° path=107.55m clr=6.28m
[tethys_3]  t=56s dist=26.21m head=-2.00° elev=1.33° path=107.22m clr=999.00m
[tethys_4]  t=56s dist=93.65m head=1.00° elev=-0.84° path=105.29m clr=16.29m
[tethys_0]  t=57s dist=98.21m head=-2.00° elev=-0.24° path=108.52m clr=29.26m
[tethys_1]  t=57s dist=18.67m head=-2.00° elev=3.56° path=109.79m clr=6.28m
[tethys_3]  t=57s dist=23.98m head=-3.00° elev=1.42° path=109.45m clr=999.00m
[tethys_4]  t=57s dist=91.43m head=-4.00° elev=-0.86° path=107.51m clr=14.46m
[tethys_0]  t=58s dist=96.00m head=-2.00° elev=-0.24° path=110.73m clr=29.26m
[tethys_1]  t=58s dist=16.47m head=-2.00° elev=3.85° path=112.00m clr=6.28m
[tethys_3]  t=58s dist=21.77m head=-3.00° elev=1.53° path=111.67m clr=999.00m
[tethys_4]  t=58s dist=89.24m head=-7.00° elev=-0.89° path=109.70m clr=13.02m
[tethys_0]  t=59s dist=93.75m head=-2.00° elev=-0.25° path=112.98m clr=29.26m
[tethys_1]  t=59s dist=14.24m head=-3.00° elev=4.24° path=114.25m clr=6.28m
[tethys_3]  t=59s dist=19.54m head=-3.00° elev=1.66° path=113.91m clr=999.00m
[tethys_4]  t=59s dist=87.03m head=-9.00° elev=-0.89° path=111.92m clr=11.30m
[tethys_0]  t=60s dist=91.56m head=-2.00° elev=-0.25° path=115.17m clr=29.26m
[tethys_1]  t=60s dist=12.07m head=-3.00° elev=4.93° path=116.43m clr=6.28m
[tethys_3]  t=60s dist=17.35m head=-3.00° elev=1.81° path=116.10m clr=999.00m
[tethys_4]  t=60s dist=84.88m head=-12.00° elev=-0.92° path=114.08m clr=10.14m
[tethys_0]  t=61s dist=89.33m head=-2.00° elev=-0.26° path=117.41m clr=29.26m
[tethys_1]  t=61s dist=9.91m head=-3.00° elev=6.13° path=118.62m clr=6.28m
[tethys_3]  t=61s dist=15.13m head=-3.00° elev=2.01° path=118.34m clr=999.00m
[tethys_4]  t=61s dist=82.70m head=-14.00° elev=-0.97° path=116.29m clr=9.16m
[tethys_0]  t=62s dist=87.08m head=-2.00° elev=-0.27° path=119.66m clr=29.26m
[tethys_1]  t=62s dist=7.79m head=-4.00° elev=8.04° path=120.76m clr=6.28m
[tethys_3]  t=62s dist=12.89m head=-4.00° elev=2.32° path=120.58m clr=999.00m
[tethys_4]  t=62s dist=80.52m head=-16.00° elev=-0.98° path=118.51m clr=8.25m
[tethys_0]  t=63s dist=84.87m head=-2.00° elev=-0.27° path=121.87m clr=29.22m
[tethys_1]  t=63s dist=5.80m head=-5.00° elev=11.20° path=122.80m clr=6.28m
[tethys_3]  t=63s dist=10.72m head=-4.00° elev=2.87° path=122.76m clr=999.00m
[tethys_4]  t=63s dist=78.40m head=-17.00° elev=-0.97° path=120.69m clr=7.10m
[NAV] Episode ended: ARRIVED;t=63500;dist=4.63969;path=123.824;clr=6.27924
[tethys_0]  t=64s dist=82.62m head=-2.00° elev=-0.28° path=124.12m clr=29.22m
[tethys_3]  t=64s dist=8.56m head=-4.00° elev=3.74° path=124.94m clr=999.00m
[tethys_4]  t=64s dist=76.24m head=-18.00° elev=-1.03° path=122.92m clr=5.92m
[tethys_0]  t=65s dist=80.41m head=-2.00° elev=-0.29° path=126.34m clr=29.22m
[tethys_3]  t=65s dist=6.51m head=-6.00° elev=5.14° path=127.01m clr=999.00m
[tethys_4]  t=65s dist=74.13m head=-18.00° elev=-1.07° path=125.12m clr=4.85m
[NAV] Episode ended: ARRIVED;t=65800;dist=4.75058;path=128.646;clr=999
[tethys_0]  t=66s dist=78.16m head=-2.00° elev=-0.30° path=128.59m clr=29.22m
[tethys_4]  t=66s dist=71.99m head=-13.00° elev=-1.05° path=127.35m clr=4.10m
[tethys_0]  t=67s dist=75.96m head=-2.00° elev=-0.30° path=130.79m clr=29.22m
[tethys_4]  t=67s dist=69.89m head=-9.00° elev=-1.05° path=129.51m clr=3.29m
[tethys_0]  t=68s dist=73.71m head=-2.00° elev=-0.31° path=133.04m clr=29.22m
[tethys_4]  t=68s dist=67.71m head=-8.00° elev=-1.09° path=131.74m clr=2.65m
[tethys_0]  t=69s dist=71.49m head=-1.00° elev=-0.32° path=135.26m clr=29.22m
[tethys_4]  t=69s dist=65.55m head=-7.00° elev=-1.13° path=133.94m clr=2.44m
[tethys_0]  t=70s dist=69.26m head=-2.00° elev=-0.33° path=137.50m clr=29.22m
[tethys_4]  t=70s dist=63.37m head=-6.00° elev=-1.14° path=136.15m clr=2.44m
[tethys_0]  t=71s dist=67.02m head=-2.00° elev=-0.34° path=139.73m clr=29.22m
[tethys_4]  t=71s dist=61.18m head=-6.00° elev=-1.16° path=138.37m clr=2.44m
[tethys_0]  t=72s dist=64.79m head=-2.00° elev=-0.35° path=141.97m clr=29.22m
[tethys_4]  t=72s dist=58.99m head=-6.00° elev=-1.21° path=140.59m clr=2.44m
[tethys_0]  t=73s dist=62.59m head=-2.00° elev=-0.36° path=144.17m clr=29.22m
[tethys_4]  t=73s dist=56.82m head=-5.00° elev=-1.24° path=142.77m clr=2.44m
[tethys_0]  t=74s dist=60.35m head=-1.00° elev=-0.37° path=146.41m clr=29.22m
[tethys_4]  t=74s dist=54.62m head=-5.00° elev=-1.26° path=145.00m clr=2.44m
[tethys_0]  t=75s dist=58.12m head=-1.00° elev=-0.38° path=148.65m clr=29.22m
[tethys_4]  t=75s dist=52.41m head=-5.00° elev=-1.31° path=147.22m clr=2.44m
[tethys_0]  t=76s dist=55.90m head=-1.00° elev=-0.40° path=150.87m clr=29.22m
[tethys_4]  t=76s dist=50.22m head=-4.00° elev=-1.35° path=149.43m clr=2.44m
[tethys_0]  t=77s dist=53.67m head=-2.00° elev=-0.41° path=153.10m clr=29.22m
[tethys_4]  t=77s dist=48.00m head=-4.00° elev=-1.38° path=151.66m clr=2.44m
[tethys_0]  t=78s dist=51.43m head=-2.00° elev=-0.43° path=155.34m clr=29.22m
[tethys_4]  t=78s dist=45.79m head=-4.00° elev=-1.43° path=153.89m clr=2.44m
[tethys_0]  t=79s dist=49.20m head=-2.00° elev=-0.44° path=157.58m clr=29.22m
[tethys_4]  t=79s dist=43.57m head=-4.00° elev=-1.49° path=156.12m clr=2.44m
[tethys_0]  t=80s dist=46.98m head=-1.00° elev=-0.46° path=159.79m clr=29.22m
[tethys_4]  t=80s dist=41.37m head=-4.00° elev=-1.53° path=158.33m clr=2.44m
[tethys_0]  t=81s dist=44.74m head=-1.00° elev=-0.48° path=162.04m clr=29.22m
[tethys_4]  t=81s dist=39.15m head=-4.00° elev=-1.58° path=160.56m clr=2.44m
[tethys_0]  t=82s dist=42.54m head=-2.00° elev=-0.50° path=164.24m clr=29.22m
[tethys_4]  t=82s dist=36.97m head=-4.00° elev=-1.65° path=162.76m clr=2.44m
[tethys_0]  t=83s dist=40.31m head=-2.00° elev=-0.53° path=166.47m clr=29.22m
[tethys_4]  t=83s dist=34.75m head=-4.00° elev=-1.73° path=165.00m clr=2.44m
[tethys_0]  t=84s dist=38.07m head=-1.00° elev=-0.55° path=168.71m clr=29.22m
[tethys_4]  t=84s dist=32.52m head=-4.00° elev=-1.79° path=167.23m clr=2.44m
[tethys_0]  t=85s dist=35.84m head=-2.00° elev=-0.58° path=170.95m clr=28.99m
[tethys_4]  t=85s dist=30.30m head=-4.00° elev=-1.88° path=169.46m clr=2.44m
[tethys_0]  t=86s dist=33.64m head=-2.00° elev=-0.61° path=173.15m clr=28.34m
[tethys_4]  t=86s dist=28.12m head=-4.00° elev=-1.99° path=171.66m clr=2.44m
[tethys_0]  t=87s dist=31.40m head=-2.00° elev=-0.65° path=175.39m clr=27.76m
[tethys_4]  t=87s dist=25.89m head=-4.00° elev=-2.09° path=173.90m clr=2.44m
[tethys_0]  t=88s dist=29.17m head=-2.00° elev=-0.68° path=177.62m clr=27.34m
[tethys_4]  t=88s dist=23.68m head=-4.00° elev=-2.21° path=176.13m clr=2.44m
[tethys_0]  t=89s dist=26.94m head=-2.00° elev=-0.73° path=179.86m clr=26.87m
[tethys_4]  t=89s dist=21.46m head=-4.00° elev=-2.38° path=178.36m clr=2.44m
[tethys_0]  t=90s dist=24.71m head=-2.00° elev=-0.78° path=182.09m clr=26.67m
[tethys_4]  t=90s dist=19.24m head=-4.00° elev=-2.56° path=180.59m clr=2.44m
[tethys_0]  t=91s dist=22.48m head=-2.00° elev=-0.85° path=184.32m clr=26.60m
[tethys_4]  t=91s dist=17.03m head=-4.00° elev=-2.77° path=182.81m clr=2.44m
[tethys_0]  t=92s dist=20.25m head=-2.00° elev=-0.92° path=186.55m clr=26.60m
[tethys_4]  t=92s dist=14.81m head=-4.00° elev=-3.07° path=185.05m clr=2.44m
[tethys_0]  t=93s dist=18.02m head=-2.00° elev=-1.01° path=188.79m clr=26.60m
[tethys_4]  t=93s dist=12.60m head=-5.00° elev=-3.54° path=187.28m clr=2.44m
[tethys_0]  t=94s dist=15.82m head=-2.00° elev=-1.13° path=190.99m clr=26.60m
[tethys_4]  t=94s dist=10.46m head=-5.00° elev=-4.34° path=189.44m clr=2.44m
[tethys_0]  t=95s dist=13.59m head=-3.00° elev=-1.29° path=193.23m clr=26.60m
[tethys_4]  t=95s dist=8.34m head=-6.00° elev=-5.63° path=191.59m clr=2.44m
[tethys_0]  t=96s dist=11.37m head=-3.00° elev=-1.58° path=195.45m clr=26.60m
[tethys_4]  t=96s dist=6.30m head=-7.00° elev=-7.78° path=193.68m clr=2.44m
[NAV] Episode ended: ARRIVED;t=96700;dist=4.74756;path=195.082;clr=2.43546
[tethys_0]  t=97s dist=9.20m head=-3.00° elev=-2.05° path=197.63m clr=8.46m
[tethys_0]  t=98s dist=7.13m head=-4.00° elev=-2.77° path=199.71m clr=5.90m
[tethys_0]  t=99s dist=5.10m head=-5.00° elev=-4.08° path=201.76m clr=3.79m
[NAV] Episode ended: ARRIVED;t=99100;dist=4.70231;path=201.96;clr=3.79095
